<html>
<body>
<pre>
<h1>µVision Build Log</h1>
<h2>Tool Versions:</h2>
IDE-Version: µVision V5.26.2.0
Copyright (C) 2018 ARM Ltd and ARM Germany GmbH. All rights reserved.
License Information: kosta Windows, HP Inc., LIC=JDAUH-WMBQ6-F0WN5-GURZP-JTC55-8V3TE
 
Tool Versions:
Toolchain:       MDK-ARM Professional  Version: 5.26.2.0
Toolchain Path:  C:\Keil_v5\ARM\ARMCC\Bin
C Compiler:      Armcc.exe V5.06 update 6 (build 750)
Assembler:       Armasm.exe V5.06 update 6 (build 750)
Linker/Locator:  ArmLink.exe V5.06 update 6 (build 750)
Library Manager: ArmAr.exe V5.06 update 6 (build 750)
Hex Converter:   FromElf.exe V5.06 update 6 (build 750)
CPU DLL:         SARMCM3.DLL V5.26.2.0
Dialog DLL:      DCM.DLL V1.17.2.0
Target DLL:      STLink\ST-LINKIII-KEIL_SWO.dll V3.0.5.0
Dialog DLL:      TCM.DLL V1.36.1.0
 
<h2>Project:</h2>
C:\Users\Kosta\Desktop\Blinky\Boards\ST\NUCLEO-F446RE\Blinky\Blinky.uvprojx
Project File Date:  01/27/2019

<h2>Output:</h2>
*** Using Compiler 'V5.06 update 6 (build 750)', folder: 'C:\Keil_v5\ARM\ARMCC\Bin'
Build target 'STM32F446 Flash'

FCARM uses the following Files via command file '.\Auto_FcArm_Cmd.inp':
main.bcode 
TO bcode.c RTE NOPRINT
custom translating @.\Auto_FcArm_Cmd.inp...
Custom: C:\Keil_v5\ARM\Bin\FCARM.exe @.\Auto_FcArm_Cmd.inp
FCARM FILE CONVERTER V2.57
Completed 1 File(s), Ratio 100%
compiling bcode.c...
compiling motor_controls.c...
compiling sketch_screen.c...
sketch_screen.c(81): warning:  #1035-D: single-precision operand implicitly converted to double-precision
  			if(err >= 0.5)
sketch_screen.c: 1 warning, 0 errors
linking...
Program Size: Code=3896 RO-data=59344 RW-data=8 ZI-data=2848  
".\Flash\Blinky.axf" - 0 Error(s), 1 Warning(s).

<h2>Software Packages used:</h2>

Package Vendor: ARM
                http://www.keil.com/pack/ARM.CMSIS.5.4.0.pack
                ARM.CMSIS.5.4.0
                CMSIS (Cortex Microcontroller Software Interface Standard)
   * Component: CORE Version: 5.1.2

Package Vendor: Keil
                http://www.keil.com/pack/Keil.ARM_Compiler.1.6.0.pack
                Keil.ARM_Compiler.1.6.0
                Keil ARM Compiler extensions for ARM Compiler 5 and ARM Compiler 6
   * Component: Event Recorder Variant: DAP Version: 1.4.0
   * Component: STDOUT Variant: User Version: 1.2.0

Package Vendor: Keil
                http://www.keil.com/pack/Keil.MDK-Middleware.7.7.0.pack
                Keil.MDK-Middleware.7.7.0
                Middleware for Keil MDK-Professional and MDK-Plus
   * Component: Buttons Version: 1.0.0
   * Component: LED Version: 1.0.0

Package Vendor: Keil
                http://www.keil.com/pack/Keil.STM32F4xx_DFP.2.13.0.pack
                Keil.STM32F4xx_DFP.2.13.0
                STMicroelectronics STM32F4 Series Device Support, Drivers and Examples
   * Component: Startup Version: 2.6.2

Package Vendor: Keil
                http://www.keil.com/pack/Keil.STM32NUCLEO_BSP.1.7.0.pack
                Keil.STM32NUCLEO_BSP.1.7.0
                STMicroelectronics Nucleo Boards Support and Examples
   * Component: Buttons Version: 1.1.0
   * Component: LED Version: 1.1.0

<h2>Collection of Component include folders:</h2>
  .\RTE\Compiler
  .\RTE\_STM32F446_Flash
  C:\Keil_v5\ARM\PACK\ARM\CMSIS\5.4.0\CMSIS\Core\Include
  C:\Keil_v5\ARM\PACK\Keil\ARM_Compiler\1.6.0\Include
  C:\Keil_v5\ARM\PACK\Keil\MDK-Middleware\7.7.0\Board
  C:\Keil_v5\ARM\PACK\Keil\STM32F4xx_DFP\2.13.0\Drivers\CMSIS\Device\ST\STM32F4xx\Include

<h2>Collection of Component Files used:</h2>

   * Component: ::Board Support:Buttons:1.0.0 (API)
      Include file:  Board\Board_Buttons.h

   * Component: ::Board Support:LED:1.0.0 (API)
      Include file:  Board\Board_LED.h

   * Component: ARM::CMSIS:CORE:5.1.2

   * Component: Keil.ARM Compiler::Compiler:Event Recorder:DAP:1.4.0
      Include file:  Include\EventRecorder.h
      Include file:  Config\EventRecorderConf.h
      Source file:   Source\EventRecorder.c

   * Component: Keil.ARM Compiler::Compiler:I/O:STDOUT:User:1.2.0
      Source file:   Source\retarget_io.c
      Source file:   Template\stdout_user.c
      Source file:   Template\stdout_display.c
      Source file:   Template\stdout_USART.c

   * Component: Keil.NUCLEO-F446RE::Board Support:Buttons:1.1.0
      Source file:   Boards\ST\NUCLEO-F446RE\Common\Buttons_NUCLEO-F446RE.c

   * Component: Keil.NUCLEO-F446RE::Board Support:LED:1.1.0
      Source file:   Boards\ST\NUCLEO-F446RE\Common\LED_NUCLEO-F446RE.c

   * Component: Keil::Device:Startup:2.6.2
      Source file:   MDK\Device\Source\ARM\STM32F4xx_OTP.s
      Source file:   Drivers\CMSIS\Device\ST\STM32F4xx\Source\Templates\arm\startup_stm32f446xx.s
      Source file:   MDK\Device\Source\ARM\STM32F446xx_OPT.s
      Include file:  Drivers\CMSIS\Device\ST\STM32F4xx\Include\stm32f4xx.h
      Source file:   Drivers\CMSIS\Device\ST\STM32F4xx\Source\Templates\system_stm32f4xx.c
Build Time Elapsed:  00:00:03
</pre>
</body>
</html>
